{
  "name": "my-api",
  "spec_hash": "<sha256>",
  "base_spec_hash": "<sha256>",
  "has_changes": true,
  "destructive": false,
  "requires_confirm_destructive": false,
  "services": {
    "updated": [
      {
        "name": "web",
        "fields": [
          {
            "path": "image",
            "from": "nginx:1.27",
            "to": "nginx:1.29"
          }
        ]
      }
    ]
  },
  "volumes": {}
}
