{
  "backups": [
    {
      "id": "<ULID>",
      "project_id": "<ULID>",
      "database_id": "<ULID>",
      "engine": "postgres",
      "status": "pending",
      "created_at": "2026-01-01T00:00:00Z"
    },
    {
      "id": "<ULID>",
      "project_id": "<ULID>",
      "database_id": "<ULID>",
      "engine": "postgres",
      "status": "pending",
      "created_at": "2026-01-01T00:00:00Z"
    }
  ]
}
