{
  "deployment": {
    "id": "<ULID>",
    "app_id": "<ULID>",
    "from_revision": "<ULID>",
    "to_revision": "<ULID>",
    "state": "queued",
    "generation": "12",
    "created_at": "2026-01-01T00:02:00Z",
    "updated_at": "2026-01-01T00:02:00Z",
    "from_generation": "1"
  },
  "admission": {
    "outcome": "merged",
    "position": 2
  }
}
