{
  "checks": [
    {
      "area": "local",
      "name": "docker client",
      "status": "ok",
      "detail": "29.7.2"
    },
    {
      "area": "local",
      "name": "docker daemon",
      "status": "ok",
      "detail": "29.7.2"
    },
    {
      "area": "local",
      "name": "swarm",
      "status": "ok",
      "detail": "active"
    },
    {
      "area": "local",
      "name": "clock drift",
      "status": "ok",
      "detail": "within tolerance"
    },
    {
      "area": "local",
      "name": "fleetlyd grpc (:9080)",
      "status": "ok",
      "detail": "listening"
    },
    {
      "area": "local",
      "name": "gateway http (:9081)",
      "status": "ok",
      "detail": "listening"
    },
    {
      "area": "local",
      "name": "proxy config exposure",
      "status": "ok",
      "detail": "not configured (proxy config endpoint stays disabled)"
    },
    {
      "area": "local",
      "name": "registry exposure",
      "status": "ok",
      "detail": "not configured (managed registry stays disabled)"
    },
    {
      "area": "local",
      "name": "bind surface",
      "status": "warn",
      "detail": "grpc :9080, gateway http :9081, proxy config :9082 (wildcard: server.grpc.addr, server.http.addr, server.proxy_config.addr)",
      "advice": "wildcard binds listen on every interface; pin the listed config keys to a loopback/VPC address, or enforce the VPC firewall boundary (runbook: port exposure matrix)"
    },
    {
      "area": "local",
      "name": "disk",
      "status": "ok",
      "detail": "128.0 GiB free"
    },
    {
      "area": "remote",
      "name": "fleetlyd 127.0.0.1:9080",
      "status": "ok",
      "detail": "healthy, server 0.1.0-test"
    }
  ],
  "summary": {
    "ok": 10,
    "warn": 1,
    "fail": 0
  }
}
