[ok  ] docker client            29.7.2
[ok  ] docker daemon            29.7.2
[ok  ] swarm                    active
[ok  ] clock drift              within tolerance
[ok  ] fleetlyd grpc (:9080)    listening
[ok  ] gateway http (:9081)     listening
[ok  ] proxy config exposure    not configured (proxy config endpoint stays disabled)
[ok  ] registry exposure        not configured (managed registry stays disabled)
[warn] bind surface             grpc :9080, gateway http :9081, proxy config :9082 (wildcard: server.grpc.addr, server.http.addr, server.proxy_config.addr)
        advice: wildcard binds listen on every interface; pin the listed config keys to a loopback/VPC address, or enforce the VPC firewall boundary (runbook: port exposure matrix)
[ok  ] disk                     128.0 GiB free
[ok  ] fleetlyd 127.0.0.1:9080  healthy, server 0.1.0-test

10 ok, 1 warning(s), 0 failed
