last_seq=5
SEQ	NAME	AGGREGATE	ID	CREATED
1	deployment.queued	deployment	<ULID>	2026-01-01T00:00:00Z
2	deployment.preparing	deployment	<ULID>	2026-01-01T00:00:00Z
3	deployment.releasing	deployment	<ULID>	2026-01-01T00:00:00Z
4	deployment.observing	deployment	<ULID>	2026-01-01T00:00:00Z
5	deployment.succeeded	deployment	<ULID>	2026-01-01T00:02:00Z
