{"event":{"seq":"1","name":"project.created","aggregate":"project","aggregate_id":"<ULID>","payload":"{\"id\":\"<ULID>\"}","created_at":"2026-01-01T00:00:00Z"}}
{"event":{"seq":"2","name":"project.created","aggregate":"project","aggregate_id":"<ULID>","payload":"{\"id\":\"<ULID>\"}","created_at":"2026-01-01T00:00:00Z"}}
{"event":{"seq":"3","name":"app.created","aggregate":"app","aggregate_id":"<ULID>","payload":"{\"id\":\"<ULID>\",\"project_id\":\"<ULID>\"}","created_at":"2026-01-01T00:00:00Z"}}
{"event":{"seq":"4","name":"app.created","aggregate":"app","aggregate_id":"<ULID>","payload":"{\"id\":\"<ULID>\",\"project_id\":\"<ULID>\"}","created_at":"2026-01-01T00:00:00Z"}}
{"event":{"seq":"5","name":"deployment.queued","aggregate":"deployment","aggregate_id":"<ULID>","payload":"{\"deployment_id\":\"<ULID>\",\"app_id\":\"<ULID>\",\"state\":\"deployment.queued\",\"to_revision\":\"<ULID>\",\"generation\":1}","created_at":"2026-01-01T00:00:00Z"}}
{"event":{"seq":"6","name":"deployment.preparing","aggregate":"deployment","aggregate_id":"<ULID>","payload":"{\"deployment_id\":\"<ULID>\",\"app_id\":\"<ULID>\",\"state\":\"deployment.preparing\",\"to_revision\":\"<ULID>\",\"generation\":1}","created_at":"2026-01-01T00:00:00Z"}}
{"event":{"seq":"7","name":"deployment.releasing","aggregate":"deployment","aggregate_id":"<ULID>","payload":"{\"deployment_id\":\"<ULID>\",\"app_id\":\"<ULID>\",\"state\":\"deployment.releasing\",\"to_revision\":\"<ULID>\",\"generation\":1}","created_at":"2026-01-01T00:00:00Z"}}
{"event":{"seq":"8","name":"deployment.observing","aggregate":"deployment","aggregate_id":"<ULID>","payload":"{\"deployment_id\":\"<ULID>\",\"app_id\":\"<ULID>\",\"state\":\"deployment.observing\",\"to_revision\":\"<ULID>\",\"generation\":1,\"observe_deadline\":\"2026-01-01T00:01:00Z\"}","created_at":"2026-01-01T00:00:00Z"}}
{"event":{"seq":"9","name":"deployment.succeeded","aggregate":"deployment","aggregate_id":"<ULID>","payload":"{\"deployment_id\":\"<ULID>\",\"app_id\":\"<ULID>\",\"state\":\"deployment.succeeded\",\"to_revision\":\"<ULID>\",\"generation\":1,\"observe_deadline\":\"2026-01-01T00:01:00Z\"}","created_at":"2026-01-01T00:02:00Z"}}
{"event":{"seq":"10","name":"deployment.queued","aggregate":"deployment","aggregate_id":"<ULID>","payload":"{\"deployment_id\":\"<ULID>\",\"app_id\":\"<ULID>\",\"state\":\"deployment.queued\",\"from_revision\":\"<ULID>\",\"to_revision\":\"<ULID>\",\"generation\":2}","created_at":"2026-01-01T00:02:00Z"}}
{"event":{"seq":"11","name":"deployment.superseded","aggregate":"deployment","aggregate_id":"<ULID>","payload":"{\"deployment_id\":\"<ULID>\",\"app_id\":\"<ULID>\",\"state\":\"deployment.superseded\",\"from_revision\":\"<ULID>\",\"to_revision\":\"<ULID>\",\"generation\":2,\"superseded_by\":\"<ULID>\"}","created_at":"2026-01-01T00:02:00Z"}}
{"event":{"seq":"12","name":"deployment.queued","aggregate":"deployment","aggregate_id":"<ULID>","payload":"{\"deployment_id\":\"<ULID>\",\"app_id\":\"<ULID>\",\"state\":\"deployment.queued\",\"from_revision\":\"<ULID>\",\"to_revision\":\"<ULID>\",\"generation\":3}","created_at":"2026-01-01T00:02:00Z"}}
{"event":{"seq":"13","name":"deployment.superseded","aggregate":"deployment","aggregate_id":"<ULID>","payload":"{\"deployment_id\":\"<ULID>\",\"app_id\":\"<ULID>\",\"state\":\"deployment.superseded\",\"from_revision\":\"<ULID>\",\"to_revision\":\"<ULID>\",\"generation\":3,\"superseded_by\":\"<ULID>\"}","created_at":"2026-01-01T00:02:00Z"}}
{"event":{"seq":"14","name":"deployment.queued","aggregate":"deployment","aggregate_id":"<ULID>","payload":"{\"deployment_id\":\"<ULID>\",\"app_id\":\"<ULID>\",\"state\":\"deployment.queued\",\"from_revision\":\"<ULID>\",\"to_revision\":\"<ULID>\",\"generation\":4}","created_at":"2026-01-01T00:02:00Z"}}
{"event":{"seq":"15","name":"deployment.superseded","aggregate":"deployment","aggregate_id":"<ULID>","payload":"{\"deployment_id\":\"<ULID>\",\"app_id\":\"<ULID>\",\"state\":\"deployment.superseded\",\"from_revision\":\"<ULID>\",\"to_revision\":\"<ULID>\",\"generation\":4,\"superseded_by\":\"<ULID>\"}","created_at":"2026-01-01T00:02:00Z"}}
{"event":{"seq":"16","name":"deployment.queued","aggregate":"deployment","aggregate_id":"<ULID>","payload":"{\"deployment_id\":\"<ULID>\",\"app_id\":\"<ULID>\",\"state\":\"deployment.queued\",\"from_revision\":\"<ULID>\",\"to_revision\":\"<ULID>\",\"generation\":5}","created_at":"2026-01-01T00:02:00Z"}}
{"event":{"seq":"17","name":"deployment.superseded","aggregate":"deployment","aggregate_id":"<ULID>","payload":"{\"deployment_id\":\"<ULID>\",\"app_id\":\"<ULID>\",\"state\":\"deployment.superseded\",\"from_revision\":\"<ULID>\",\"to_revision\":\"<ULID>\",\"generation\":5,\"superseded_by\":\"<ULID>\"}","created_at":"2026-01-01T00:02:00Z"}}
{"event":{"seq":"18","name":"deployment.queued","aggregate":"deployment","aggregate_id":"<ULID>","payload":"{\"deployment_id\":\"<ULID>\",\"app_id\":\"<ULID>\",\"state\":\"deployment.queued\",\"from_revision\":\"<ULID>\",\"to_revision\":\"<ULID>\",\"generation\":6}","created_at":"2026-01-01T00:02:00Z"}}
{"event":{"seq":"19","name":"secret.updated","aggregate":"secret","aggregate_id":"api-token","payload":"{\"id\":\"api-token\",\"project_id\":\"<ULID>\"}","created_at":"2026-01-01T00:02:00Z"}}
{"event":{"seq":"20","name":"secret.updated","aggregate":"secret","aggregate_id":"api-token-json","payload":"{\"id\":\"api-token-json\",\"project_id\":\"<ULID>\"}","created_at":"2026-01-01T00:02:00Z"}}
{"event":{"seq":"21","name":"config.updated","aggregate":"config","aggregate_id":"app.ini","payload":"{\"id\":\"app.ini\",\"project_id\":\"<ULID>\"}","created_at":"2026-01-01T00:02:00Z"}}
{"event":{"seq":"22","name":"config.updated","aggregate":"config","aggregate_id":"app-json.ini","payload":"{\"id\":\"app-json.ini\",\"project_id\":\"<ULID>\"}","created_at":"2026-01-01T00:02:00Z"}}
{"event":{"seq":"23","name":"volume.created","aggregate":"volume","aggregate_id":"data","payload":"{\"id\":\"data\",\"project_id\":\"<ULID>\"}","created_at":"2026-01-01T00:02:00Z"}}
{"event":{"seq":"24","name":"volume.created","aggregate":"volume","aggregate_id":"data-json","payload":"{\"id\":\"data-json\",\"project_id\":\"<ULID>\"}","created_at":"2026-01-01T00:02:00Z"}}
{"event":{"seq":"25","name":"network.created","aggregate":"network","aggregate_id":"default","payload":"{\"id\":\"default\",\"project_id\":\"<ULID>\"}","created_at":"2026-01-01T00:02:00Z"}}
{"event":{"seq":"26","name":"network.created","aggregate":"network","aggregate_id":"default-json","payload":"{\"id\":\"default-json\",\"project_id\":\"<ULID>\"}","created_at":"2026-01-01T00:02:00Z"}}
{"event":{"seq":"27","name":"project.created","aggregate":"project","aggregate_id":"<ULID>","payload":"{\"id\":\"<ULID>\"}","created_at":"2026-01-01T00:02:00Z"}}
{"event":{"seq":"28","name":"project.created","aggregate":"project","aggregate_id":"<ULID>","payload":"{\"id\":\"<ULID>\"}","created_at":"2026-01-01T00:02:00Z"}}
{"event":{"seq":"29","name":"network.created","aggregate":"network","aggregate_id":"bus","payload":"{\"id\":\"bus\",\"project_id\":\"<ULID>\"}","created_at":"2026-01-01T00:02:00Z"}}
{"event":{"seq":"30","name":"network.created","aggregate":"network","aggregate_id":"bus-json","payload":"{\"id\":\"bus-json\",\"project_id\":\"<ULID>\"}","created_at":"2026-01-01T00:02:00Z"}}
{"event":{"seq":"31","name":"network.peer_declared","aggregate":"network","aggregate_id":"<ULID>","payload":"{\"id\":\"<ULID>\",\"network_id\":\"<ULID>\",\"network_name\":\"bus\",\"network_project_id\":\"<ULID>\",\"peer_project_id\":\"<ULID>\"}","created_at":"2026-01-01T00:02:00Z"}}
{"event":{"seq":"32","name":"network.peer_approved","aggregate":"network","aggregate_id":"<ULID>","payload":"{\"id\":\"<ULID>\",\"network_id\":\"<ULID>\",\"network_name\":\"bus\",\"network_project_id\":\"<ULID>\",\"peer_project_id\":\"<ULID>\"}","created_at":"2026-01-01T00:02:00Z"}}
{"event":{"seq":"33","name":"network.peer_revoked","aggregate":"network","aggregate_id":"<ULID>","payload":"{\"id\":\"<ULID>\",\"network_id\":\"<ULID>\",\"network_name\":\"bus\",\"network_project_id\":\"<ULID>\",\"peer_project_id\":\"<ULID>\"}","created_at":"2026-01-01T00:02:00Z"}}
