app <ULID>
repo https://github.com/acme/shop.git
branch (every branch; tags never trigger)
dockerfile Dockerfile
watch paths (every change triggers)
secret (shown once): <HOOKTOKEN>
webhook URL: /v1/hooks/<HOOKTOKEN> (prepend your gateway address)
GitHub webhook secret: the same string above (rotating replaces both usages)
