token alice-cli (id <ULID>)
user alice
role admin
team default
scopes [apps:admin audit:read builds:admin configs:admin deployments:admin events:admin invitations:admin logs:admin networks:admin nodes:admin projects:admin revisions:admin roles:admin routes:admin secrets:admin teams:admin tokens:admin users:admin volumes:admin]
