{
  "token_id": "<ULID>",
  "token_name": "password session",
  "team_id": "default",
  "role_id": "builtin-admin",
  "role_name": "admin",
  "user_id": "<ULID>",
  "user_name": "alice",
  "scopes": [
    "alerts:admin",
    "apps:admin",
    "audit:read",
    "builds:admin",
    "channels:admin",
    "configs:admin",
    "databases:admin",
    "deployments:admin",
    "events:admin",
    "exec:admin",
    "invitations:admin",
    "logs:admin",
    "metrics:admin",
    "networks:admin",
    "nodes:admin",
    "platform:admin",
    "projects:admin",
    "revisions:admin",
    "roles:admin",
    "routes:admin",
    "secrets:admin",
    "shared_variables:admin",
    "tasks:admin",
    "teams:admin",
    "templates:admin",
    "tokens:admin",
    "users:admin",
    "volumes:admin"
  ]
}
