{
  "roles": [
    {
      "id": "builtin-admin",
      "name": "admin",
      "builtin": true,
      "scopes": [
        "alerts:admin",
        "apps:admin",
        "audit:read",
        "builds:admin",
        "channels:admin",
        "configs:admin",
        "databases:admin",
        "deployments:admin",
        "events:admin",
        "invitations:admin",
        "logs:admin",
        "metrics:admin",
        "networks:admin",
        "nodes:admin",
        "platform:admin",
        "projects:admin",
        "revisions:admin",
        "roles:admin",
        "routes:admin",
        "secrets:admin",
        "tasks:admin",
        "teams:admin",
        "tokens:admin",
        "users:admin",
        "volumes:admin"
      ],
      "created_at": "2026-01-01T00:00:00Z"
    },
    {
      "id": "builtin-member",
      "name": "member",
      "builtin": true,
      "scopes": [
        "alerts:read",
        "apps:read",
        "builds:read",
        "builds:write",
        "channels:read",
        "configs:read",
        "configs:write",
        "databases:read",
        "deployments:read",
        "deployments:write",
        "events:read",
        "logs:read",
        "metrics:read",
        "networks:read",
        "networks:write",
        "nodes:read",
        "projects:read",
        "revisions:read",
        "routes:read",
        "routes:write",
        "secrets:read",
        "secrets:write",
        "tasks:read",
        "tasks:write",
        "volumes:read",
        "volumes:write"
      ],
      "created_at": "2026-01-01T00:00:00Z"
    },
    {
      "id": "builtin-owner",
      "name": "owner",
      "builtin": true,
      "scopes": [
        "*"
      ],
      "created_at": "2026-01-01T00:00:00Z"
    },
    {
      "id": "<ULID>",
      "team_id": "default",
      "name": "deployer",
      "scopes": [
        "deployments:write"
      ],
      "created_at": "2026-01-01T00:00:00Z"
    },
    {
      "id": "<ULID>",
      "team_id": "default",
      "name": "deployer-json",
      "scopes": [
        "deployments:write"
      ],
      "created_at": "2026-01-01T00:00:00Z"
    }
  ]
}
