NAME	KIND	SUMMARY
app	spec	AppSpec: desired state of a long-running deployable unit (an app is one or more processes).
app.created	event	An app was created.
app.deleted	event	An app was deleted (teardown per ADR-0023).
app.teardown_aborted	event	An app delete was aborted after teardown because a deployment was admitted mid-delete; the in-flight deployment rebuilds the carriers (ADR-0023).
build.building	event	Build started executing.
build.cancelled	event	Build cancelled.
build.expired	event	Build expired by timeout watchdog.
build.failed	event	Build failed.
build.queued	event	Build accepted into build queue.
build.succeeded	event	Build produced an image digest.
config.updated	event	A config version was written.
database	spec	DatabaseSpec: desired state of a managed data service (template-rendered, rides the Runtime channel).
deployment.building	event	Deployment entered build stage.
deployment.cancelled	event	Deployment cancelled while queued or in flight.
deployment.failed	event	Deployment reached failed terminal state.
deployment.observing	event	Deployment entered health observation window.
deployment.preparing	event	Deployment started preparing spec and materials.
deployment.queued	event	Deployment accepted by admission queue.
deployment.releasing	event	Deployment started releasing workloads to runtime.
deployment.rolling_back	event	Deployment started replaying last successful revision.
deployment.succeeded	event	Deployment reached succeeded terminal state.
deployment.superseded	event	Deployment superseded by a newer one.
freeze.lifted	event	A change freeze was lifted; change verbs in scope are accepted again.
freeze.set	event	A change freeze was set for a team (or globally); change verbs in scope are refused with the reason.
hook.push_accepted	event	A verified webhook push triggered a deployment.
invitation.accepted	event	An invitation was redeemed; the invitee became a user.
invitation.created	event	An invitation was issued (single-use, time-boxed, role-bound).
lease.expired	event	A task's owner lease expired past grace; the pool drains.
lease.renewed	event	A task's owner lease was renewed (deadline advanced).
network.created	event	A project network was created.
network.peer_approved	event	The receiving project approved a peer attachment; references become projectable.
network.peer_declared	event	A peer project declared intent to attach to a network (pending; needs receiver approval).
network.peer_revoked	event	A peer attachment was revoked; existing attachments are isolated by an immediate isolate reconverge (ADR-0013 appendix A.4).
node.joined	event	Node joined the cluster and was anchored with a platform node ID.
node.left	event	Node left the cluster.
project.created	event	A project was created.
project.deleted	event	A project was deleted (tombstoned).
role.created	event	A custom role was created from a scope set.
run.created	event	A run was created and queued for carrier ensure.
run.failed	event	A run reached the failed terminal state.
run.running	event	A run's workload was observed running.
run.stopped	event	A run reached the stopped terminal state.
run.stopping	event	A run started stopping (stop reason carried on the row).
schedule.created	event	A schedule was created (timezone-aware cron, first fire time computed).
schedule.deleted	event	A schedule was deleted (tombstoned; already-spawned tasks run to completion).
schedule.fired	event	A schedule fired and spawned a one-shot task (source: cron or manual).
schedule.skipped	event	A due schedule fire was skipped (reason: overlap while the previous run is in flight, or quota_exceeded when the project is at its task quota).
secret.deleted	event	A secret was deleted.
secret.updated	event	A secret value was set (fingerprint, never the value).
task	spec	TaskSpec: desired state of a programmatic workload (one-shot or resident, ADR-0012).
task.active	event	A drained task was revived by an owner lease renewal.
task.completed	event	A one-shot task's run completed successfully.
task.created	event	A task was created (one-shot or resident form).
task.deleted	event	A task was deleted (carriers removed, row tombstoned).
task.drained	event	A draining task reached drained state (all runs terminal).
task.draining	event	A task started draining: replenishment stopped; in-flight runs stop with grace or run out their TTL.
task.failed	event	A one-shot task's run failed.
task.updated	event	A task's desired concurrency was updated.
team.created	event	A team was created.
token.created	event	A token was minted (secret shown once at creation).
token.revoked	event	A token was revoked; its next call will be rejected.
upload.stored	event	An uploaded source was stored (content-addressed; payload carries id, digest, size and deduplicated).
user.created	event	A user was created and granted a role in a team.
volume.created	event	A volume was created.
workload.drift_detected	event	Observed workload diverged from the ensured generation or spec (ADR-0022).
workload.stopped	event	A steady-state workload was observed stopped at the current generation.
run 'fleetly explain <name>' for the full JSON Schema
