{
  "id": "<ULID>",
  "project_id": "<ULID>",
  "name": "dispatcher",
  "form": "resident",
  "state": "draining",
  "image": "ghcr.io/torchwood/dispatcher:1",
  "desired_concurrency": "3",
  "owner_token_id": "<ULID>",
  "dns_name": "task-<ULID>",
  "lease_deadline": "2026-01-01T00:02:30Z",
  "created_at": "2026-01-01T00:02:00Z",
  "updated_at": "2026-01-01T00:02:00Z"
}
