{
  "valid": true,
  "name": "my-api",
  "spec_hash": "<sha256>",
  "services": 1,
  "volumes": 0,
  "warnings": [
    {
      "code": "W_DEPLOY_NO_HEALTHCHECK",
      "service": "web",
      "message": "service web declares no healthcheck: health_gate=none (the health gate degrades to exit/replica-count checks, so failures surface later)"
    }
  ]
}
