===== E1.1 node plan run #1 (pinned RAILPACK_NODE_VERSION=22.17.0) =====
exit=0
===== E1.2 node plan run #2 (same input; byte-compare follows) =====
exit=0
===== E1.3 go plan run #1 (pinned RAILPACK_GO_VERSION=1.24.6) =====
exit=0
===== E1.4 go plan run #2 =====
exit=0
===== E1.5 drift probe: node plan WITHOUT version pin =====
exit=0
===== E1.6 byte-compare =====
NODE_PLAN_REPRODUCIBLE sha256=49bc9ebb20c3242c7f9a0ca3188bdf96cb8ef00a45ee62aeb45766f6747f10b7
GO_PLAN_REPRODUCIBLE sha256=8a44e8a74d8fec8a59a01310ca77cdd0f1608d9f7007b4fe7c65bbf5f6eba6ff
UNPINNED_DIFFERS (see diff below)
--- /work/plans/node.plan.json
+++ /work/plans/node.plan.unpinned.json
@@ -62,13 +62,10 @@
       "RAILPACK_VERSION": "v0.39.0"
     }
   },
-  "secrets": [
-    "RAILPACK_NODE_VERSION"
-  ],
   "steps": [
     {
       "assets": {
-        "generated-mise-toml": "[tools]\n  node = \"22.17.0\"\n\n[settings]\n  idiomatic_version_file_enable_tools = [\"python\", \"node\", \"ruby\", \"elixir\", \"go\", \"java\", \"yarn\", \"pnpm\", \"bun\", \"deno\", \"dotnet\", \"rust\"]\n  minimum_release_age = \"14d\"\n  paranoid = true\n  trusted_config_paths = [\"/app\"]\n  [settings.node]\n    verify = false\n"
+        "generated-mise-toml": "[tools]\n  node = \"22.23.2\"\n\n[settings]\n  idiomatic_version_file_enable_tools = [\"python\", \"node\", \"ruby\", \"elixir\", \"go\", \"java\", \"yarn\", \"pnpm\", \"bun\", \"deno\", \"dotnet\", \"rust\"]\n  minimum_release_age = \"14d\"\n  paranoid = true\n  trusted_config_paths = [\"/app\"]\n  [settings.node]\n    verify = false\n"
       },
       "commands": [
         {
===== E1 done =====
