[ghcr-wrap] e2e/databases.sh with DB_GHCR_USER=qiulin token_len=40
[db-e2e 16:53:55] using prebuilt binaries from D:/Codes/qiulin/fleetly/.e2ebin
[db-e2e 16:53:59] dind fleetly-db-e2e-dind ready (engine 29.8.1)
[db-e2e 16:53:59] staging binaries + config (exec+stdin)
[db-e2e 16:54:10] pre-pulling fixture images (public pinned digests; 3 attempts each)

WARNING! Your credentials are stored unencrypted in '/root/.docker/config.json'.
Configure a credential helper to remove this warning. See
https://docs.docker.com/go/credential-store/

[db-e2e 16:54:57] dbtools image pulled inside dind (ghcr.io/fleetlyrun/dbtools:v0.2.1-dbtools.1@sha256:472e8a5dd6b7ab2722caa996f18fec956203f99aafec0dd4c10cb82d262e866b)
[db-e2e 16:54:59] fleetlyd live (liveness 200), bootstrap token read
[db-e2e 16:55:01] founder registered (platform admin); PAT minted; project context founder/default
[db-e2e 16:55:01] === D1: create pg-prod -> provisioning -> ready (health gate through real postgres) ===
[db-e2e 16:55:01] DB-D1 CREATE_ACCEPTED_PROVISIONING: PASS
[db-e2e 16:55:09] DB-D2 HEALTH_GATE_READY: PASS
[db-e2e 16:55:09] === D3: volume registered + placement pinned ===
[db-e2e 16:55:09] DB-D3 VOLUME_REGISTERED_PLACEMENT_PINNED: PASS
[db-e2e 16:55:09] === D4: rustfs backup target converges (managed rustfs + probe) ===
[db-e2e 16:56:15] DB-D4 RUSTFS_TARGET_RUNNING: PASS
[db-e2e 16:56:24] DB-D5 RUSTFS_PROBE_OK: PASS
[db-e2e 16:56:24] fixture: control-plane backup (provisions the shared restic repo password)
[db-e2e 16:56:34] fixture ready: repo password provisioned (control-plane backup upload ok)
[db-e2e 16:56:34] === D6: referencing app deploys (fleetly.databases label, psql bootstrap) ===
[db-e2e 16:56:48] DB-D6 APP_DEPLOY_SUCCEEDED: PASS
[db-e2e 16:56:48] === D7: injected FLEETLY_DB_* env in the app container ===
[db-e2e 16:56:49] DB-D7 INJECTED_ENV_VALUES: PASS
[db-e2e 16:56:50] DB-D8 BOOTSTRAP_ROW_COUNT: PASS
[db-e2e 16:56:50] === D9: manual backup -> ledger verify_status=verified (real restic roundtrip) ===
[db-e2e 16:56:55] DB-D9 BACKUP_VERIFIED: PASS
[db-e2e 16:56:55] === D10: destructive clear, then in-place restore brings the rows back ===
[db-e2e 16:56:56] DB-D10 DESTRUCTIVE_CLEAR: PASS
{
  "id": "01M37K2BCDK36DBEBKJMSKYTB6",
  "name": "pg-prod",
  "template": "postgres-16",
  "status": "ready",
  "image_digest": "postgres:16@sha256:a3b7f434b2dc57ce85a67e171163eb8ab1a1ebcb39d27484661f26b1dfbe30d6",
  "placement": "n_01M37K28GMJX4ATYNN0D03CWD1",
  "volume": {
    "name": "fleetly-db-pg-prod-data-01M37K2B",
    "status": "active",
    "platform_node_id": "n_01M37K28GMJX4ATYNN0D03CWD1"
  },
  "connection": {
    "host": "pg-prod",
    "port": 5432,
    "user": "fleetly",
    "database": "pg_prod",
    "url": "postgres://fleetly:********@pg-prod:5432/pg_prod",
    "password_fingerprint": "b0b07633"
  },
  "limits": {},
  "backup_plan": {},
  "last_error": "E_DB_RESTORE_FAILED: restore failed at stage replay: restore job failed: task: non-zero exit (1); exit code 1; output tail: Is server running? (the instance is left stopped for manual inspection: retry the restore, or run 'fleetly databases resume pg-prod' to bring the previous engine back; recoverable data remains on the volume)",
  "created_at": "2026-09-23T16:55:01Z",
  "updated_at": "2026-09-23T16:57:01Z"
}
[db-e2e 17:07:38] DB-D11 RESTORE_ROWS_BACK: FAIL instance never returned to ready with 1 row within 420s
[db-e2e 17:07:38] === D12: rotate credentials -> fingerprint changes, app auto-redeploys, new credential writes ===
[db-e2e 17:07:40] DB-D12 ROTATE_ACCEPTED: PASS
[db-e2e 17:07:41] DB-D13 FINGERPRINT_CHANGED: PASS
[db-e2e 17:07:47] DB-D14 APP_AUTO_REDEPLOYED: PASS
[db-e2e 17:10:39] DB-D15 NEW_CREDENTIAL_WRITES: FAIL want 2 rows after the redeployed app inserts via the NEW credential, got ''
[db-e2e 17:10:39] === D16: platform secret set -> external secret mounted at /run/secrets ===
[db-e2e 17:10:51] fixture ready: secapp exists (secret-free bootstrap deploy)
[db-e2e 17:11:00] DB-D16 SECAPP_DEPLOY_SUCCEEDED: PASS
[db-e2e 17:11:01] DB-D17 SECRET_MOUNTED_VERBATIM: PASS
[db-e2e 17:11:01] === D17: removed secret -> referencing deploy fails honestly (E_SECRET_NOT_FOUND) ===
[db-e2e 17:11:03] DB-D18 SECRET_REMOVED_HONEST_FAIL: PASS
[db-e2e 17:11:03] === D18: secret re-set -> redeploy recovers, mount re-asserted ===
[db-e2e 17:11:11] DB-D19 SECRET_RESET_REDEPLOY_OK: PASS
[db-e2e 17:11:12] DB-D20 SECRET_REMOUNTED: PASS
[db-e2e 17:11:12] === D21: suspend -> paused + replicas 0/0; resume -> ready ===
