[met-e2e 15:57:33] using prebuilt binaries from D:/Codes/qiulin/fleetly/.e2ebin
[met-e2e 15:57:38] dind fleetly-m-e2e-dind ready (engine 29.8.1)
[met-e2e 15:57:38] staging binaries + config (exec+stdin)
[met-e2e 15:57:48] pre-pulling fixture images (pinned digests)
[met-e2e 15:58:24] fleetlyd live (liveness 200), bootstrap token read
[met-e2e 15:58:25] founder registered (platform admin); PAT minted; project context '"$FOUNDER_PROJECT"'
[met-e2e 15:58:26] === A1: default (unset) deploys nothing ===
[met-e2e 15:58:46] MET-A1 DEFAULT_UNSET_NOTHING_DEPLOYED: PASS
[met-e2e 15:58:46] MET-A2 STATUS_READS_UNSET: PASS
[met-e2e 15:58:47] === A3: metrics mode set on ===
[met-e2e 15:58:47] MET-A3 MODE_SET_ACCEPTED: PASS
[met-e2e 15:58:47] === A4: three managed services converge ===
[met-e2e 15:59:31] MET-A4 THREE_SERVICES_RUNNING: PASS
[met-e2e 15:59:35] MET-A5 DEPLOYED_EVENT: PASS
[met-e2e 15:59:36] MET-A6 VM_LOOPBACK_HEALTH_OK: PASS
[met-e2e 15:59:36] MET-A7 COLLECTORS_LOOPBACK_METRICS: PASS
[met-e2e 15:59:36] === A8: VM scraping converges (nodes_reporting 1/1) ===
[met-e2e 16:00:05] MET-A8 NODES_REPORTING_1_OF_1: PASS
[met-e2e 16:00:05] === A9: SearchMetrics via CLI hits both scrape jobs ===
[met-e2e 16:00:06] MET-A9 UP_SERIES_BOTH_JOBS: PASS
[met-e2e 16:00:06] MET-A10 NODE_DIMENSION_SERIES: PASS
[met-e2e 16:00:06] === A20-A22: revised bind face + node-addr scrape targets ===
[met-e2e 16:00:08] MET-A20 COLLECTOR_BIND_ALL_INTERFACES: PASS
[met-e2e 16:00:08] MET-A21 COLLECTORS_NODE_ADDR_REACHABLE: PASS
[met-e2e 16:00:09] MET-A22 SCRAPE_CONFIG_NODE_ADDR_TARGETS: PASS
[met-e2e 16:00:09] === A11: app deploy + container dimension series ===
[met-e2e 16:00:20] MET-A11a APP_DEPLOY_SUCCEEDED: PASS
[met-e2e 16:00:21] MET-A12 CONTAINER_DIMENSION_SERIES: PASS
[met-e2e 16:00:21] === A13: app attribution label form probe (honest) ===
[met-e2e 16:00:21] MET-A13 SWARM_SERVICE_LABEL: LABEL-ABSENT (snapshotter mode; per-container series still collected — documented upstream limitation)
[met-e2e 16:00:21] MET-A13 SWARM_SERVICE_LABEL_FORM: PASS
[met-e2e 16:00:22] MET-A14 CLI_HUMAN_QUERY_HIT: PASS
[met-e2e 16:00:23] MET-A15 STATUS_ON_FULL_VIEW: PASS
[met-e2e 16:00:24] MET-A23 STATUS_EXPOSURE_NOTE: PASS
[met-e2e 16:00:24] === A16: mode set unset removes the stack, keeps the volume ===
[met-e2e 16:01:25] MET-A16 SERVICES_REMOVED_ON_UNSET: PASS
[met-e2e 16:01:26] MET-A17 VOLUME_RETAINED_ON_UNSET: PASS
[met-e2e 16:01:30] MET-A18 REMOVED_EVENT: PASS
[met-e2e 16:01:30] === A19: query after disable is honest (E_METRICS_NOT_ENABLED) ===
[met-e2e 16:01:31] MET-A19 QUERY_HONEST_NOT_ENABLED: PASS
[met-e2e 16:01:31] SUITE-DONE all-asserts-passed
