[not-e2e 16:03:05] using prebuilt binaries from D:/Codes/qiulin/fleetly/.e2ebin
[not-e2e 16:03:10] dind fleetly-n-e2e-dind ready (engine 29.8.1)
[not-e2e 16:03:10] pre-pulling fixture images (pinned digests)
[not-e2e 16:03:16] staging binaries + config (exec+stdin)
[not-e2e 16:03:28] fleetlyd live (liveness 200), bootstrap token read
[not-e2e 16:03:30] founder registered (platform admin); PAT minted; project context '"$FOUNDER_PROJECT"'
[not-e2e 16:03:32] receivers up on 8899/8898 (dead endpoint targets 127.0.0.1:59991)
[not-e2e 16:03:32] === N1: endpoint create returns the secret once ===
[not-e2e 16:03:33] NOT-N1 ENDPOINT_CREATE_RETURNS_SECRET: PASS
[not-e2e 16:03:34] NOT-N1b LIST_HIDES_SECRET_SHOWS_FINGERPRINT: PASS
[not-e2e 16:03:34] === N2: app deploy fires deployment.* deliveries ===
[not-e2e 16:03:42] NOT-N2a APP_DEPLOY_SUCCEEDED: PASS
[not-e2e 16:03:42] NOT-N2b OPS_RECEIVER_GOT_SIGNED_POST: PASS
[not-e2e 16:03:43] NOT-N3 STAR_RECEIVER_GOT_SIGNED_POST: PASS
[not-e2e 16:03:43] === N4: host-side HMAC recompute over the captured request ===
[not-e2e 16:03:43] ops verify: VERIFY-OK
[not-e2e 16:03:44] NOT-N4 OPS_HMAC_VERIFY_OK: PASS
[not-e2e 16:03:44] star verify: VERIFY-OK
[not-e2e 16:03:44] NOT-N5 STAR_HMAC_VERIFY_OK: PASS
[not-e2e 16:03:44] === N6: pattern discipline across a logs.* event ===
[not-e2e 16:03:53] NOT-N6a STAR_GETS_LOGS_EVENT: PASS
[not-e2e 16:03:54] NOT-N6b OPS_PATTERN_FILTER_DISCIPLINE: PASS
[not-e2e 16:03:54] === N7: dead endpoint climbs the retry ladder to terminal failure ===
[not-e2e 16:04:18] NOT-N7a RETRY_BACKOFF_GROWS_ATTEMPTS: PASS
[not-e2e 16:09:19] NOT-N7b TERMINAL_FAILED_AFTER_THREE_ATTEMPTS: PASS
[not-e2e 16:09:19] === N8: notifications component goes red ===
[not-e2e 16:09:20] component: red | 1 enabled endpoint(s) terminally failing; latest failed delivery: "dead-relay" (attempts=3, last_error=post failed: Post "http://127.0.0.1:59991/hook": dial tcp 127.0.0.1:59991: connect: connection refused)
[not-e2e 16:09:20] NOT-N8 NOTIFICATIONS_COMPONENT_RED: PASS
[not-e2e 16:09:20] === N9: disabling the failing endpoint turns the component green ===
[not-e2e 16:09:21] NOT-N9 DISABLE_TURNS_COMPONENT_GREEN: PASS
[not-e2e 16:09:21] === N10: notifications test sends the type=test payload ===
[not-e2e 16:09:28] NOT-N10 TEST_PAYLOAD_DELIVERED: PASS
[not-e2e 16:09:28] === N11: delivery ledger shows response codes ===
[not-e2e 16:09:29] NOT-N11 LEDGER_SHOWS_RESPONSE_CODE: PASS
[not-e2e 16:09:29] === N12: zero notify.* events (no self-trigger loop) ===
[not-e2e 16:09:33] NOT-N12 ZERO_NOTIFY_EVENTS_NO_LOOP: PASS
[not-e2e 16:09:33] SUITE-DONE all-asserts-passed
