[ghcr-wrap] e2e/terminal.sh with TERM_GHCR_USER=qiulin token_len=40
[term-e2e 16:05:42] using prebuilt binaries from D:/Codes/qiulin/fleetly/.e2ebin
[term-e2e 16:05:46] dind fleetly-t-e2e-dind ready (engine 29.8.1)
[term-e2e 16:05:46] staging binaries + compose (exec+stdin)

WARNING! Your credentials are stored unencrypted in '/root/.docker/config.json'.
Configure a credential helper to remove this warning. See
https://docs.docker.com/go/credential-store/

[term-e2e 16:06:14] exec image pulled inside dind (ghcr.io/fleetlyrun/fleetly-exec:v0.2.0-exec.1@sha256:4de40017c620b55b76048c3369f64b3a747c875a4f7bf21ac8c6f88bc4b0793b)
[term-e2e 16:06:16] pre-pulling app image (alpine:3.20@sha256:d9e853e87e55526f6b2917df91a2115c36dd7c696a35be12163d44e6e2a4b6bc)
[term-e2e 16:06:27] fleetlyd live (plaintext faces), bootstrap token read
[term-e2e 16:06:29] founder registered (platform admin); PAT minted; project context founder/default
[term-e2e 16:06:30] T-1 EXEC_RELAY_SERVICE_RUNNING: PASS
[term-e2e 16:06:30] T-2 TERMINAL_STATUS_RPC_RELAY_CONNECTED: PASS
[term-e2e 16:06:41] T-3 MANAGED_APP_DEPLOY_SUCCEEDED: PASS
[term-e2e 16:06:42] T-4 REAL_PTY_ECHO_ROUNDTRIP: PASS
[term-e2e 16:06:42] T-5 READ_TOKEN_TICKET_REJECTED: PASS
[term-e2e 16:06:43] T-6 TERMINAL_SCOPE_TOKEN_SESSION: PASS
[term-e2e 16:06:44] T-7 TICKET_REPLAY_REJECTED: PASS
[term-e2e 16:06:45] T-8a PER_TOKEN_LIMIT_SATURATED: PASS
[term-e2e 16:06:46] T-8b THIRD_SESSION_CLOSE_429: PASS
[term-e2e 16:07:36] T-9a TERMINAL_OPENED_EVENT: PASS
[term-e2e 16:07:40] T-9b TERMINAL_CLOSED_EVENT: PASS
[term-e2e 16:07:45] T-10 SESSION_CONTENT_NOT_IN_EVENTS: PASS
[term-e2e 16:07:45] SUITE-DONE all-asserts-passed
